// Jest Snapshot v1, https://goo.gl/fbAQLP

exports[`WeatherInfo Component expect to render WeatherInfo component 1`] = `
<div
  className="weather-info-layout"
  data-test="weather-info-layout"
>
  <div
    className="weather-info__item"
  >
    <div
      className="weather-info__item--title"
    >
      PSI
    </div>
    <div
      className="weather-info__item--number"
    >
      23
    </div>
    <div
      className="weather-info__item--review"
    >
      Good
    </div>
  </div>
  <div
    className="weather-info__item"
  >
    <div
      className="weather-info__item--title"
    >
      RAIN
    </div>
    <div
      className="weather-info__item--number-nobg"
    >
      0
    </div>
    <div
      className="weather-info__item--review"
    >
      mm
    </div>
  </div>
  <div
    className="weather-info__item"
  >
    <div
      className="weather-info__item--title"
    >
      DENGUE
    </div>
    <div
      className="weather-info__item--circle"
    />
    <div
      className="weather-info__item--review"
    />
  </div>
  <div
    className="weather-info__item"
  >
    <div
      className="weather-info__add-btn"
    />
    <div
      className="weather-info__add-txt"
    >
      Add
    </div>
  </div>
</div>
`;
